// Jest Snapshot v1, https://goo.gl/fbAQLP

exports[`AppWrapper render 1`] = `
<div>
  TEST
</div>
`;
