// Jest Snapshot v1, https://goo.gl/fbAQLP

exports[`SendPage render 1`] = `
<div>
  <div
    class="sc-da1060d0-0 dVsQgh"
  >
    <header
      class="sc-da1060d0-1 eHCwEr"
    >
      Please fill the form to send Ethereum
    </header>
    <form
      class="sc-b81309d0-0 ePlrqb"
      id="transaction"
    >
      <div
        class="sc-6f71e095-0 zKiGe"
      >
        <label
          class="sc-6f71e095-1 dpiAKW"
          for="from"
        >
          From
        </label>
        <input
          class="sc-6f71e095-2 mOreu"
          data-testid="from"
          id="from"
          placeholder="Your address"
          value=""
        />
      </div>
      <div
        class="sc-6f71e095-0 zKiGe"
      >
        <label
          class="sc-6f71e095-1 dpiAKW"
          for="to"
        >
          To
        </label>
        <input
          class="sc-6f71e095-2 mOreu"
          data-testid="to"
          id="to"
          placeholder="Destination address"
          value=""
        />
      </div>
      <div
        class="sc-6f71e095-0 zKiGe"
      >
        <label
          class="sc-6f71e095-1 dpiAKW"
          for="amount"
        >
          Amount
        </label>
        <input
          class="sc-6f71e095-2 mOreu"
          data-testid="amount"
          id="amount"
          placeholder="Ethereum amount"
          value=""
        />
      </div>
    </form>
    <footer
      class="sc-da1060d0-2 MrGpr"
    >
      <button
        class="sc-da1060d0-3 fUffHN"
        data-testid="send"
        form="transaction"
        type="submit"
      >
        Send
      </button>
    </footer>
  </div>
</div>
`;
